------------------------------------------------------------
TimeQuest Timing Analyzer Summary
------------------------------------------------------------

Type  : Slow Model Setup 'clock_generator:inst3|clock_divider_1024:inst101|inst10'
Slack : -0.976
TNS   : -4.460

Type  : Slow Model Setup 'clk'
Slack : -0.765
TNS   : -3.864

Type  : Slow Model Setup 'clock_generator:inst3|clock_divider_1024:inst102|inst10'
Slack : -0.456
TNS   : -1.505

Type  : Slow Model Setup 'clock_generator:inst3|inst7'
Slack : 0.250
TNS   : 0.000

Type  : Slow Model Hold 'clk'
Slack : -2.558
TNS   : -2.558

Type  : Slow Model Hold 'clock_generator:inst3|clock_divider_1024:inst101|inst10'
Slack : -2.158
TNS   : -2.158

Type  : Slow Model Hold 'clock_generator:inst3|clock_divider_1024:inst102|inst10'
Slack : -1.992
TNS   : -1.992

Type  : Slow Model Hold 'clock_generator:inst3|inst7'
Slack : 0.391
TNS   : 0.000

Type  : Slow Model Minimum Pulse Width 'clk'
Slack : -1.380
TNS   : -11.380

Type  : Slow Model Minimum Pulse Width 'clock_generator:inst3|clock_divider_1024:inst101|inst10'
Slack : -0.500
TNS   : -10.000

Type  : Slow Model Minimum Pulse Width 'clock_generator:inst3|clock_divider_1024:inst102|inst10'
Slack : -0.500
TNS   : -7.000

Type  : Slow Model Minimum Pulse Width 'clock_generator:inst3|inst7'
Slack : -0.500
TNS   : -2.000

Type  : Fast Model Setup 'clock_generator:inst3|clock_divider_1024:inst101|inst10'
Slack : 0.120
TNS   : 0.000

Type  : Fast Model Setup 'clk'
Slack : 0.182
TNS   : 0.000

Type  : Fast Model Setup 'clock_generator:inst3|clock_divider_1024:inst102|inst10'
Slack : 0.318
TNS   : 0.000

Type  : Fast Model Setup 'clock_generator:inst3|inst7'
Slack : 0.643
TNS   : 0.000

Type  : Fast Model Hold 'clk'
Slack : -1.599
TNS   : -1.599

Type  : Fast Model Hold 'clock_generator:inst3|clock_divider_1024:inst101|inst10'
Slack : -1.326
TNS   : -1.326

Type  : Fast Model Hold 'clock_generator:inst3|clock_divider_1024:inst102|inst10'
Slack : -1.252
TNS   : -1.252

Type  : Fast Model Hold 'clock_generator:inst3|inst7'
Slack : 0.215
TNS   : 0.000

Type  : Fast Model Minimum Pulse Width 'clk'
Slack : -1.380
TNS   : -11.380

Type  : Fast Model Minimum Pulse Width 'clock_generator:inst3|clock_divider_1024:inst101|inst10'
Slack : -0.500
TNS   : -10.000

Type  : Fast Model Minimum Pulse Width 'clock_generator:inst3|clock_divider_1024:inst102|inst10'
Slack : -0.500
TNS   : -7.000

Type  : Fast Model Minimum Pulse Width 'clock_generator:inst3|inst7'
Slack : -0.500
TNS   : -2.000

------------------------------------------------------------
